2025-10-18 09:29:10,887 - INFO - --- Proximity Lock script started ---
2025-10-18 09:29:10,887 - INFO - Watching for device: 50:13:1d:4b:86:eb
2025-10-18 09:29:10,888 - INFO - Phone not found (out of range).
2025-10-18 09:29:10,889 - INFO - Device is far. Locking screen.
2025-10-18 09:29:10,889 - INFO - Pausing media player.
2025-10-18 09:29:10,890 - ERROR - Failed to run command 'playerctl pause': [Errno 2] No such file or directory: 'playerctl'
2025-10-18 09:29:20,892 - INFO - Phone not found (out of range).
2025-10-18 09:29:30,895 - INFO - Phone not found (out of range).
2025-10-18 09:29:40,898 - INFO - Phone not found (out of range).
2025-10-18 09:29:50,901 - INFO - Phone not found (out of range).
2025-10-18 09:30:00,903 - INFO - Phone not found (out of range).
2025-10-18 09:39:36,082 - INFO - --- Proximity Lock script started ---
2025-10-18 09:39:36,083 - INFO - Watching for device: 50:13:1d:4b:86:eb
2025-10-18 09:39:36,349 - INFO - Device is far. Locking screen.
2025-10-18 09:39:36,356 - INFO - Pausing media player.
2025-10-18 09:42:46,231 - INFO - --- Proximity Lock script started ---
2025-10-18 09:42:46,232 - INFO - Watching for device: 50:13:1d:4b:86:eb
2025-10-18 09:42:48,859 - INFO - Phone found nearby (ping successful).
2025-10-18 09:43:03,862 - INFO - Phone not found (ping timed out).
2025-10-18 09:43:03,862 - INFO - Device is far. Locking screen.
2025-10-18 09:43:03,863 - INFO - Pausing media player.
2025-10-18 09:43:15,489 - INFO - Phone found nearby (ping successful).
2025-10-18 09:43:15,489 - INFO - Device is near. Unlocking screen.
2025-10-18 09:43:16,564 - INFO - Resuming media player.
2025-10-18 09:43:29,193 - INFO - Phone found nearby (ping successful).
2025-10-18 09:43:40,768 - INFO - Phone found nearby (ping successful).
2025-10-18 09:43:52,190 - INFO - Phone found nearby (ping successful).
2025-10-18 09:44:04,766 - INFO - Phone found nearby (ping successful).
2025-10-18 09:44:12,957 - INFO - --- Proximity Lock script started ---
2025-10-18 09:44:12,957 - INFO - Watching for device: 50:13:1d:4b:86:eb
2025-10-18 09:44:15,185 - INFO - Phone found nearby (ping successful).
2025-10-18 09:44:25,187 - INFO - Phone not found (ping timed out).
2025-10-18 09:44:25,188 - INFO - Device is far. Locking screen.
2025-10-18 09:44:25,189 - INFO - Pausing media player.
2025-10-18 09:44:31,817 - INFO - Phone found nearby (ping successful).
2025-10-18 09:44:31,817 - INFO - Device is near. Unlocking screen.
2025-10-18 09:44:32,888 - INFO - Resuming media player.
2025-10-18 09:44:40,662 - INFO - Phone found nearby (ping successful).
2025-10-18 09:44:48,243 - INFO - Phone found nearby (ping successful).
2025-10-18 09:44:54,720 - INFO - Phone found nearby (ping successful).
2025-10-18 09:45:01,346 - INFO - Phone found nearby (ping successful).
2025-10-18 09:45:07,813 - INFO - Phone found nearby (ping successful).
2025-10-18 09:45:14,331 - INFO - Phone found nearby (ping successful).
2025-10-18 09:45:22,002 - INFO - Phone found nearby (ping successful).
2025-10-18 09:45:28,475 - INFO - Phone found nearby (ping successful).
2025-10-18 09:45:35,047 - INFO - Phone found nearby (ping successful).
2025-10-18 09:45:42,676 - INFO - Phone found nearby (ping successful).
2025-10-18 09:45:50,004 - INFO - Phone found nearby (ping successful).
2025-10-18 09:45:57,684 - INFO - Phone found nearby (ping successful).
2025-10-18 09:46:04,209 - INFO - Phone found nearby (ping successful).
2025-10-18 09:46:10,684 - INFO - Phone found nearby (ping successful).
2025-10-18 09:46:18,216 - INFO - Phone found nearby (ping successful).
2025-10-18 09:46:25,696 - INFO - Phone found nearby (ping successful).
2025-10-18 09:46:32,221 - INFO - Phone found nearby (ping successful).
2025-10-18 09:46:38,746 - INFO - Phone found nearby (ping successful).
2025-10-18 09:46:45,264 - INFO - Phone found nearby (ping successful).
2025-10-18 09:46:51,683 - INFO - Phone found nearby (ping successful).
2025-10-18 09:46:58,158 - INFO - Phone found nearby (ping successful).
2025-10-18 09:47:04,685 - INFO - Phone found nearby (ping successful).
2025-10-18 09:47:11,159 - INFO - Phone found nearby (ping successful).
2025-10-18 09:47:18,792 - INFO - Phone found nearby (ping successful).
2025-10-18 09:47:25,264 - INFO - Phone found nearby (ping successful).
2025-10-18 09:47:31,738 - INFO - Phone found nearby (ping successful).
2025-10-18 09:47:38,265 - INFO - Phone found nearby (ping successful).
2025-10-18 09:47:44,691 - INFO - Phone found nearby (ping successful).
2025-10-18 09:47:51,115 - INFO - Phone found nearby (ping successful).
2025-10-18 09:47:57,538 - INFO - Phone found nearby (ping successful).
2025-10-18 09:48:05,218 - INFO - Phone found nearby (ping successful).
2025-10-18 09:48:12,949 - INFO - Phone found nearby (ping successful).
2025-10-18 09:48:20,626 - INFO - Phone found nearby (ping successful).
2025-10-18 09:48:27,050 - INFO - Phone found nearby (ping successful).
2025-10-18 09:48:34,631 - INFO - Phone found nearby (ping successful).
2025-10-18 09:48:41,155 - INFO - Phone found nearby (ping successful).
2025-10-18 09:48:47,628 - INFO - Phone found nearby (ping successful).
2025-10-18 09:48:55,157 - INFO - Phone found nearby (ping successful).
2025-10-18 09:49:01,677 - INFO - Phone found nearby (ping successful).
2025-10-18 09:49:08,101 - INFO - Phone found nearby (ping successful).
2025-10-18 09:49:15,683 - INFO - Phone found nearby (ping successful).
2025-10-18 09:49:22,157 - INFO - Phone found nearby (ping successful).
2025-10-18 09:49:28,678 - INFO - Phone found nearby (ping successful).
2025-10-18 09:49:36,148 - INFO - Phone found nearby (ping successful).
2025-10-18 09:49:43,567 - INFO - Phone found nearby (ping successful).
2025-10-18 09:49:49,989 - INFO - Phone found nearby (ping successful).
2025-10-18 09:49:56,461 - INFO - Phone found nearby (ping successful).
2025-10-18 09:50:03,986 - INFO - Phone found nearby (ping successful).
2025-10-18 09:50:10,507 - INFO - Phone found nearby (ping successful).
2025-10-18 09:50:18,137 - INFO - Phone found nearby (ping successful).
2025-10-18 09:50:24,559 - INFO - Phone found nearby (ping successful).
2025-10-18 09:50:30,982 - INFO - Phone found nearby (ping successful).
2025-10-18 09:50:38,511 - INFO - Phone found nearby (ping successful).
2025-10-18 09:50:45,034 - INFO - Phone found nearby (ping successful).
2025-10-18 09:50:52,612 - INFO - Phone found nearby (ping successful).
2025-10-18 09:51:00,291 - INFO - Phone found nearby (ping successful).
2025-10-18 09:51:06,712 - INFO - Phone found nearby (ping successful).
2025-10-18 09:51:14,245 - INFO - Phone found nearby (ping successful).
2025-10-18 09:51:20,668 - INFO - Phone found nearby (ping successful).
2025-10-18 09:51:28,303 - INFO - Phone found nearby (ping successful).
2025-10-18 09:51:35,883 - INFO - Phone found nearby (ping successful).
2025-10-18 09:51:42,310 - INFO - Phone found nearby (ping successful).
2025-10-18 09:51:48,781 - INFO - Phone found nearby (ping successful).
2025-10-18 09:51:56,412 - INFO - Phone found nearby (ping successful).
2025-10-18 09:52:02,986 - INFO - Phone found nearby (ping successful).
2025-10-18 09:52:10,664 - INFO - Phone found nearby (ping successful).
2025-10-18 09:52:17,139 - INFO - Phone found nearby (ping successful).
2025-10-18 09:52:23,511 - INFO - Phone found nearby (ping successful).
2025-10-18 09:52:31,144 - INFO - Phone found nearby (ping successful).
2025-10-18 09:52:37,570 - INFO - Phone found nearby (ping successful).
2025-10-18 09:52:44,095 - INFO - Phone found nearby (ping successful).
2025-10-18 09:52:50,519 - INFO - Phone found nearby (ping successful).
2025-10-18 09:52:56,941 - INFO - Phone found nearby (ping successful).
2025-10-18 09:53:04,420 - INFO - Phone found nearby (ping successful).
2025-10-18 09:53:12,004 - INFO - Phone found nearby (ping successful).
2025-10-18 09:53:19,688 - INFO - Phone found nearby (ping successful).
2025-10-18 09:53:27,268 - INFO - Phone found nearby (ping successful).
2025-10-18 09:53:34,146 - INFO - Phone found nearby (ping successful).
2025-10-18 09:53:40,569 - INFO - Phone found nearby (ping successful).
2025-10-18 09:53:48,194 - INFO - Phone found nearby (ping successful).
2025-10-18 09:53:58,196 - INFO - Phone not found (ping timed out).
2025-10-18 09:53:58,196 - INFO - Device is far. Locking screen.
2025-10-18 09:53:58,196 - INFO - Pausing media player.
2025-10-18 09:54:05,315 - INFO - Phone found nearby (ping successful).
2025-10-18 09:54:05,315 - INFO - Device is near. Unlocking screen.
2025-10-18 09:54:06,382 - INFO - Resuming media player.
2025-10-18 09:54:14,255 - INFO - Phone found nearby (ping successful).
2025-10-18 09:54:20,725 - INFO - Phone found nearby (ping successful).
2025-10-18 09:54:27,146 - INFO - Phone found nearby (ping successful).
2025-10-18 09:54:34,776 - INFO - Phone found nearby (ping successful).
2025-10-18 09:54:42,356 - INFO - Phone found nearby (ping successful).
2025-10-18 09:54:48,777 - INFO - Phone found nearby (ping successful).
2025-10-18 09:54:56,308 - INFO - Phone found nearby (ping successful).
2025-10-18 09:55:02,731 - INFO - Phone found nearby (ping successful).
2025-10-18 09:55:10,260 - INFO - Phone found nearby (ping successful).
2025-10-18 09:55:16,731 - INFO - Phone found nearby (ping successful).
2025-10-18 09:55:23,254 - INFO - Phone found nearby (ping successful).
2025-10-18 09:55:30,724 - INFO - Phone found nearby (ping successful).
2025-10-18 09:55:38,193 - INFO - Phone found nearby (ping successful).
2025-10-18 09:55:44,615 - INFO - Phone found nearby (ping successful).
2025-10-18 09:55:52,142 - INFO - Phone found nearby (ping successful).
2025-10-18 09:55:58,818 - INFO - Phone found nearby (ping successful).
2025-10-18 09:56:06,500 - INFO - Phone found nearby (ping successful).
2025-10-18 09:56:14,123 - INFO - Phone found nearby (ping successful).
2025-10-18 09:56:20,590 - INFO - Phone found nearby (ping successful).
2025-10-18 09:56:27,108 - INFO - Phone found nearby (ping successful).
2025-10-18 09:56:33,625 - INFO - Phone found nearby (ping successful).
2025-10-18 09:56:41,308 - INFO - Phone found nearby (ping successful).
2025-10-18 09:56:49,139 - INFO - Phone found nearby (ping successful).
2025-10-18 09:56:56,614 - INFO - Phone found nearby (ping successful).
2025-10-18 09:57:03,135 - INFO - Phone found nearby (ping successful).
2025-10-18 09:57:09,555 - INFO - Phone found nearby (ping successful).
